// Jest Snapshot v1, https://goo.gl/fbAQLP

exports[`HabitList Renders correctly 1`] = `ShallowWrapper {}`;

exports[`HabitList renders correctly 1`] = `
<div>
  <div>
    <button
      className="button"
      type="submit"
    >
      <span>
        Update Habits
      </span>
    </button>
  </div>
</div>
`;
